../Core/Src/main.c:96:5:_write	24	static
../Core/Src/main.c:108:5:main	8	static
../Core/Src/main.c:159:6:ReadTemperatureAndDustLevels	56	static
../Core/Src/main.c:210:6:SystemClock_Config	120	static
../Core/Src/main.c:270:13:MX_ADC1_Init	56	static
../Core/Src/main.c:357:13:MX_ETH_Init	8	static
../Core/Src/main.c:406:13:MX_TIM2_Init	48	static
../Core/Src/main.c:455:13:MX_USART3_UART_Init	8	static
../Core/Src/main.c:503:13:MX_USB_OTG_HS_USB_Init	4	static
../Core/Src/main.c:524:13:MX_GPIO_Init	56	static
../Core/Src/main.c:608:6:Error_Handler	4	static,ignoring_inline_asm
